TAP version 13
# Subtest: test/broken.test.js
not ok 1 - test/broken.test.js
  ---
  duration_ms: 1.46863
  type: 'test'
  location: '/tmp/claude-1000/-home-codeheist-Desktop-heall/4e736679-6afc-48aa-8708-b06b70d7b79c/scratchpad/tapsample/test/broken.test.js:1:1'
  error: "The requested module '../src/calc.js' does not provide an export named 'nope'"
  name: 'SyntaxError'
  stack: |-
    #asyncInstantiate (node:internal/modules/esm/module_job:326:21)
    async ModuleJob.run (node:internal/modules/esm/module_job:429:5)
    async node:internal/modules/esm/loader:639:26
    async node:internal/test_runner/runner:914:15
    async runFiles (node:internal/test_runner/runner:880:9)
    async runChain (node:internal/test_runner/runner:958:5)
  ...
# Subtest: div
    # Subtest: divides
    ok 1 - divides
      ---
      duration_ms: 0.361687
      type: 'test'
      ...
    # Subtest: handles zero: 'quoted' (parens)
    not ok 2 - handles zero: 'quoted' (parens)
      ---
      duration_ms: 0.212792
      type: 'test'
      location: '/tmp/claude-1000/-home-codeheist-Desktop-heall/4e736679-6afc-48aa-8708-b06b70d7b79c/scratchpad/tapsample/test/calc.test.js:6:3'
      failureType: 'testCodeFailure'
      error: 'division by zero'
      code: 'ERR_TEST_FAILURE'
      name: 'RangeError'
      stack: |-
        div (file:///tmp/claude-1000/-home-codeheist-Desktop-heall/4e736679-6afc-48aa-8708-b06b70d7b79c/scratchpad/tapsample/src/calc.js:2:22)
        TestContext.<anonymous> (file:///tmp/claude-1000/-home-codeheist-Desktop-heall/4e736679-6afc-48aa-8708-b06b70d7b79c/scratchpad/tapsample/test/calc.test.js:6:62)
        Test.runInAsyncScope (node:async_hooks:227:14)
        Test.run (node:internal/test_runner/test:1201:25)
        Suite.processPendingSubtests (node:internal/test_runner/test:831:18)
        Test.postRun (node:internal/test_runner/test:1330:19)
        Test.run (node:internal/test_runner/test:1258:12)
        async Promise.all (index 0)
        async Suite.run (node:internal/test_runner/test:1619:7)
        async Test.processPendingSubtests (node:internal/test_runner/test:831:7)
      ...
    1..2
not ok 2 - div
  ---
  duration_ms: 1.053214
  type: 'suite'
  location: '/tmp/claude-1000/-home-codeheist-Desktop-heall/4e736679-6afc-48aa-8708-b06b70d7b79c/scratchpad/tapsample/test/calc.test.js:4:1'
  failureType: 'subtestsFailed'
  error: '1 subtest failed'
  code: 'ERR_TEST_FAILURE'
  ...
# Subtest: skipped one
ok 3 - skipped one # SKIP
  ---
  duration_ms: 0.169807
  type: 'test'
  ...
# Subtest: todo one
not ok 4 - todo one # TODO
  ---
  duration_ms: 0.91364
  type: 'test'
  location: '/tmp/claude-1000/-home-codeheist-Desktop-heall/4e736679-6afc-48aa-8708-b06b70d7b79c/scratchpad/tapsample/test/calc.test.js:9:1'
  failureType: 'testCodeFailure'
  error: 'x'
  code: 'ERR_ASSERTION'
  name: 'AssertionError'
  operator: 'fail'
  stack: |-
    TestContext.<anonymous> (file:///tmp/claude-1000/-home-codeheist-Desktop-heall/4e736679-6afc-48aa-8708-b06b70d7b79c/scratchpad/tapsample/test/calc.test.js:9:49)
    Test.runInAsyncScope (node:async_hooks:227:14)
    Test.run (node:internal/test_runner/test:1201:25)
    Test.processPendingSubtests (node:internal/test_runner/test:831:18)
    Test.postRun (node:internal/test_runner/test:1330:19)
    Test.run (node:internal/test_runner/test:1258:12)
    async Test.processPendingSubtests (node:internal/test_runner/test:831:7)
  ...
1..4
# tests 5
# suites 1
# pass 1
# fail 2
# cancelled 0
# skipped 1
# todo 1
# duration_ms 47.109706
